// Vitest Snapshot v1, https://vitest.dev/guide/snapshot.html

exports[`Dropdown component > should match snapshot 1`] = `
<div>
  <div
    class="relative outline-none"
  >
    <button
      aria-expanded="false"
      aria-haspopup="menu"
      class="cursor-pointer outline-none button"
    >
      Dropdown
    </button>
    <div
      class="absolute left-0 
          transform shadow-subtle-hard transition-all duration-100 ease-in-out pointer-events-none scale-95 opacity-0"
      data-testid="menu-dropdown"
    >
      <div
        class="absolute menu"
      >
        <div
          class="z-20 mt-0 flex flex-col rounded-lg bg-surface py-1.5 shadow-subtle-hard outline-none dark:bg-gray-5"
        >
          <div>
            <div
              class=""
            >
              <div
                class="flex cursor-pointer flex-row whitespace-nowrap px-4 py-1.5 text-base
                    
                    
                    
                    text-gray-80
                  "
              >
                <div
                  class="flex flex-row items-center space-x-2"
                >
                  <span>
                    Option 1
                  </span>
                </div>
                <span
                  class="ml-5 flex grow items-center justify-end text-sm text-gray-40"
                />
              </div>
            </div>
          </div>
          <div>
            <div
              class=""
            >
              <div
                class="flex cursor-pointer flex-row whitespace-nowrap px-4 py-1.5 text-base
                    
                    
                    
                    text-gray-80
                  "
              >
                <div
                  class="flex flex-row items-center space-x-2"
                >
                  <span>
                    Option 2
                  </span>
                </div>
                <span
                  class="ml-5 flex grow items-center justify-end text-sm text-gray-40"
                />
              </div>
            </div>
          </div>
          <div>
            <div
              class=""
            >
              <div
                class="flex cursor-pointer flex-row whitespace-nowrap px-4 py-1.5 text-base
                    
                    
                    
                    text-gray-80
                  "
              >
                <div
                  class="flex flex-row items-center space-x-2"
                >
                  <span>
                    Action 1
                  </span>
                </div>
                <span
                  class="ml-5 flex grow items-center justify-end text-sm text-gray-40"
                />
              </div>
            </div>
          </div>
        </div>
      </div>
    </div>
  </div>
</div>
`;
