// Vitest Snapshot v1, https://vitest.dev/guide/snapshot.html

exports[`Empty component > should match snapshot 1`] = `
{
  "asFragment": [Function],
  "baseElement": <body>
    <div>
      <div
        class="h-full w-full p-8"
      >
        <div
          class="flex h-full flex-col items-center justify-center space-y-6 pb-20"
        >
          <div
            class="pointer-events-none mx-auto w-max"
          >
            <svg
              data-testid="upload-icon"
              fill="currentColor"
              height="48"
              viewBox="0 0 256 256"
              width="48"
              xmlns="http://www.w3.org/2000/svg"
            >
              <path
                d="M240,136v64a16,16,0,0,1-16,16H32a16,16,0,0,1-16-16V136a16,16,0,0,1,16-16H80a8,8,0,0,1,0,16H32v64H224V136H176a8,8,0,0,1,0-16h48A16,16,0,0,1,240,136ZM85.66,77.66,120,43.31V128a8,8,0,0,0,16,0V43.31l34.34,34.35a8,8,0,0,0,11.32-11.32l-48-48a8,8,0,0,0-11.32,0l-48,48A8,8,0,0,0,85.66,77.66ZM200,168a12,12,0,1,0-12,12A12,12,0,0,0,200,168Z"
              />
            </svg>
          </div>
          <div
            class="pointer-events-none space-y-1 text-center"
          >
            <p
              class="text-2xl font-medium text-gray-100"
            >
              No items available
            </p>
            <p
              class="text-lg text-gray-60"
            >
              Please add some items to get started.
            </p>
          </div>
          <button
            class="h-10 px-5 relative flex shrink-0 select-none flex-row items-center justify-center space-x-2 
      whitespace-nowrap rounded-lg text-base font-medium outline-none ring-2 ring-primary/0 
      ring-offset-2 ring-offset-transparent transition-all duration-100 ease-in-out 
      focus-visible:ring-primary/50 bg-surface dark:bg-gray-5 border border-gray-10 hover:border-gray-20 active:bg-gray-1 dark:active:bg-gray-10 text-gray-80 shadow-sm "
            type="button"
          >
            <div
              class="flex items-center justify-center space-x-2"
            >
              <span>
                Upload Files
              </span>
              <svg
                fill="currentColor"
                height="20"
                viewBox="0 0 256 256"
                width="20"
                xmlns="http://www.w3.org/2000/svg"
              >
                <path
                  d="M240,136v64a16,16,0,0,1-16,16H32a16,16,0,0,1-16-16V136a16,16,0,0,1,16-16H80a8,8,0,0,1,0,16H32v64H224V136H176a8,8,0,0,1,0-16h48A16,16,0,0,1,240,136ZM85.66,77.66,120,43.31V128a8,8,0,0,0,16,0V43.31l34.34,34.35a8,8,0,0,0,11.32-11.32l-48-48a8,8,0,0,0-11.32,0l-48,48A8,8,0,0,0,85.66,77.66ZM200,168a12,12,0,1,0-12,12A12,12,0,0,0,200,168Z"
                />
              </svg>
            </div>
          </button>
        </div>
      </div>
    </div>
  </body>,
  "container": <div>
    <div
      class="h-full w-full p-8"
    >
      <div
        class="flex h-full flex-col items-center justify-center space-y-6 pb-20"
      >
        <div
          class="pointer-events-none mx-auto w-max"
        >
          <svg
            data-testid="upload-icon"
            fill="currentColor"
            height="48"
            viewBox="0 0 256 256"
            width="48"
            xmlns="http://www.w3.org/2000/svg"
          >
            <path
              d="M240,136v64a16,16,0,0,1-16,16H32a16,16,0,0,1-16-16V136a16,16,0,0,1,16-16H80a8,8,0,0,1,0,16H32v64H224V136H176a8,8,0,0,1,0-16h48A16,16,0,0,1,240,136ZM85.66,77.66,120,43.31V128a8,8,0,0,0,16,0V43.31l34.34,34.35a8,8,0,0,0,11.32-11.32l-48-48a8,8,0,0,0-11.32,0l-48,48A8,8,0,0,0,85.66,77.66ZM200,168a12,12,0,1,0-12,12A12,12,0,0,0,200,168Z"
            />
          </svg>
        </div>
        <div
          class="pointer-events-none space-y-1 text-center"
        >
          <p
            class="text-2xl font-medium text-gray-100"
          >
            No items available
          </p>
          <p
            class="text-lg text-gray-60"
          >
            Please add some items to get started.
          </p>
        </div>
        <button
          class="h-10 px-5 relative flex shrink-0 select-none flex-row items-center justify-center space-x-2 
      whitespace-nowrap rounded-lg text-base font-medium outline-none ring-2 ring-primary/0 
      ring-offset-2 ring-offset-transparent transition-all duration-100 ease-in-out 
      focus-visible:ring-primary/50 bg-surface dark:bg-gray-5 border border-gray-10 hover:border-gray-20 active:bg-gray-1 dark:active:bg-gray-10 text-gray-80 shadow-sm "
          type="button"
        >
          <div
            class="flex items-center justify-center space-x-2"
          >
            <span>
              Upload Files
            </span>
            <svg
              fill="currentColor"
              height="20"
              viewBox="0 0 256 256"
              width="20"
              xmlns="http://www.w3.org/2000/svg"
            >
              <path
                d="M240,136v64a16,16,0,0,1-16,16H32a16,16,0,0,1-16-16V136a16,16,0,0,1,16-16H80a8,8,0,0,1,0,16H32v64H224V136H176a8,8,0,0,1,0-16h48A16,16,0,0,1,240,136ZM85.66,77.66,120,43.31V128a8,8,0,0,0,16,0V43.31l34.34,34.35a8,8,0,0,0,11.32-11.32l-48-48a8,8,0,0,0-11.32,0l-48,48A8,8,0,0,0,85.66,77.66ZM200,168a12,12,0,1,0-12,12A12,12,0,0,0,200,168Z"
              />
            </svg>
          </div>
        </button>
      </div>
    </div>
  </div>,
  "debug": [Function],
  "findAllByAltText": [Function],
  "findAllByDisplayValue": [Function],
  "findAllByLabelText": [Function],
  "findAllByPlaceholderText": [Function],
  "findAllByRole": [Function],
  "findAllByTestId": [Function],
  "findAllByText": [Function],
  "findAllByTitle": [Function],
  "findByAltText": [Function],
  "findByDisplayValue": [Function],
  "findByLabelText": [Function],
  "findByPlaceholderText": [Function],
  "findByRole": [Function],
  "findByTestId": [Function],
  "findByText": [Function],
  "findByTitle": [Function],
  "getAllByAltText": [Function],
  "getAllByDisplayValue": [Function],
  "getAllByLabelText": [Function],
  "getAllByPlaceholderText": [Function],
  "getAllByRole": [Function],
  "getAllByTestId": [Function],
  "getAllByText": [Function],
  "getAllByTitle": [Function],
  "getByAltText": [Function],
  "getByDisplayValue": [Function],
  "getByLabelText": [Function],
  "getByPlaceholderText": [Function],
  "getByRole": [Function],
  "getByTestId": [Function],
  "getByText": [Function],
  "getByTitle": [Function],
  "queryAllByAltText": [Function],
  "queryAllByDisplayValue": [Function],
  "queryAllByLabelText": [Function],
  "queryAllByPlaceholderText": [Function],
  "queryAllByRole": [Function],
  "queryAllByTestId": [Function],
  "queryAllByText": [Function],
  "queryAllByTitle": [Function],
  "queryByAltText": [Function],
  "queryByDisplayValue": [Function],
  "queryByLabelText": [Function],
  "queryByPlaceholderText": [Function],
  "queryByRole": [Function],
  "queryByTestId": [Function],
  "queryByText": [Function],
  "queryByTitle": [Function],
  "rerender": [Function],
  "unmount": [Function],
}
`;
